Archive member included to satisfy reference by file (symbol)

c:/users/anwar/desktop/sbme 2024/year 3 (2022-2023)/semester 2/embedded systems/arm gcc/10 2021.10/bin/../lib/gcc/arm-none-eabi/10.3.1/thumb/v7e-m/nofp\libgcc.a(_arm_mulsf3.o)
                              ./Delay/Delay.o (__aeabi_fmul)
c:/users/anwar/desktop/sbme 2024/year 3 (2022-2023)/semester 2/embedded systems/arm gcc/10 2021.10/bin/../lib/gcc/arm-none-eabi/10.3.1/thumb/v7e-m/nofp\libgcc.a(_arm_addsubsf3.o)
                              ./Delay/Delay.o (__aeabi_ui2f)
c:/users/anwar/desktop/sbme 2024/year 3 (2022-2023)/semester 2/embedded systems/arm gcc/10 2021.10/bin/../lib/gcc/arm-none-eabi/10.3.1/thumb/v7e-m/nofp\libgcc.a(_arm_muldivsf3.o)
                              ./Delay/Delay.o (__aeabi_fdiv)
c:/users/anwar/desktop/sbme 2024/year 3 (2022-2023)/semester 2/embedded systems/arm gcc/10 2021.10/bin/../lib/gcc/arm-none-eabi/10.3.1/thumb/v7e-m/nofp\libgcc.a(_arm_fixunssfsi.o)
                              ./Delay/Delay.o (__aeabi_f2uiz)
c:/users/anwar/desktop/sbme 2024/year 3 (2022-2023)/semester 2/embedded systems/arm gcc/10 2021.10/bin/../lib/gcc/arm-none-eabi/10.3.1/../../../../arm-none-eabi/lib/thumb/v7e-m/nofp\libg_nano.a(lib_a-errno.o)
                              ./system/src/newlib/sbrk.o (__errno)
c:/users/anwar/desktop/sbme 2024/year 3 (2022-2023)/semester 2/embedded systems/arm gcc/10 2021.10/bin/../lib/gcc/arm-none-eabi/10.3.1/../../../../arm-none-eabi/lib/thumb/v7e-m/nofp\libg_nano.a(lib_a-impure.o)
                              c:/users/anwar/desktop/sbme 2024/year 3 (2022-2023)/semester 2/embedded systems/arm gcc/10 2021.10/bin/../lib/gcc/arm-none-eabi/10.3.1/../../../../arm-none-eabi/lib/thumb/v7e-m/nofp\libg_nano.a(lib_a-errno.o) (_impure_ptr)
c:/users/anwar/desktop/sbme 2024/year 3 (2022-2023)/semester 2/embedded systems/arm gcc/10 2021.10/bin/../lib/gcc/arm-none-eabi/10.3.1/../../../../arm-none-eabi/lib/thumb/v7e-m/nofp\libg_nano.a(lib_a-itoa.o)
                              ./LCD/lcd.o (itoa)
c:/users/anwar/desktop/sbme 2024/year 3 (2022-2023)/semester 2/embedded systems/arm gcc/10 2021.10/bin/../lib/gcc/arm-none-eabi/10.3.1/../../../../arm-none-eabi/lib/thumb/v7e-m/nofp\libg_nano.a(lib_a-utoa.o)
                              c:/users/anwar/desktop/sbme 2024/year 3 (2022-2023)/semester 2/embedded systems/arm gcc/10 2021.10/bin/../lib/gcc/arm-none-eabi/10.3.1/../../../../arm-none-eabi/lib/thumb/v7e-m/nofp\libg_nano.a(lib_a-itoa.o) (__utoa)

Discarded input sections

 .text          0x00000000        0x0 ./system/src/newlib/assert.o
 .data          0x00000000        0x0 ./system/src/newlib/assert.o
 .bss           0x00000000        0x0 ./system/src/newlib/assert.o
 .rodata        0x00000000       0x43 ./system/src/newlib/assert.o
 .text.__assert_func
                0x00000000       0x24 ./system/src/newlib/assert.o
 .debug_info    0x00000000       0xf3 ./system/src/newlib/assert.o
 .debug_abbrev  0x00000000       0x93 ./system/src/newlib/assert.o
 .debug_aranges
                0x00000000       0x20 ./system/src/newlib/assert.o
 .debug_ranges  0x00000000       0x10 ./system/src/newlib/assert.o
 .debug_line    0x00000000       0xfa ./system/src/newlib/assert.o
 .debug_str     0x00000000      0x21f ./system/src/newlib/assert.o
 .comment       0x00000000       0x4a ./system/src/newlib/assert.o
 .debug_frame   0x00000000       0x30 ./system/src/newlib/assert.o
 .ARM.attributes
                0x00000000       0x2e ./system/src/newlib/assert.o
 .text          0x00000000        0x0 ./system/src/newlib/cxx.o
 .data          0x00000000        0x0 ./system/src/newlib/cxx.o
 .bss           0x00000000        0x0 ./system/src/newlib/cxx.o
 .rodata        0x00000000       0x2f ./system/src/newlib/cxx.o
 .text._ZN9__gnu_cxx27__verbose_terminate_handlerEv
                0x00000000       0x14 ./system/src/newlib/cxx.o
 .text.__cxa_pure_virtual
                0x00000000       0x14 ./system/src/newlib/cxx.o
 .debug_info    0x00000000      0x7a3 ./system/src/newlib/cxx.o
 .debug_abbrev  0x00000000      0x218 ./system/src/newlib/cxx.o
 .debug_aranges
                0x00000000       0x28 ./system/src/newlib/cxx.o
 .debug_ranges  0x00000000       0x18 ./system/src/newlib/cxx.o
 .debug_line    0x00000000      0x38b ./system/src/newlib/cxx.o
 .debug_str     0x00000000      0x422 ./system/src/newlib/cxx.o
 .comment       0x00000000       0x4a ./system/src/newlib/cxx.o
 .debug_frame   0x00000000       0x50 ./system/src/newlib/cxx.o
 .ARM.attributes
                0x00000000       0x2e ./system/src/newlib/cxx.o
 .text          0x00000000        0x0 ./system/src/newlib/exit.o
 .data          0x00000000        0x0 ./system/src/newlib/exit.o
 .bss           0x00000000        0x0 ./system/src/newlib/exit.o
 .rodata        0x00000000       0x14 ./system/src/newlib/exit.o
 .text.abort    0x00000000       0x14 ./system/src/newlib/exit.o
 .text          0x00000000        0x0 ./system/src/newlib/sbrk.o
 .data          0x00000000        0x0 ./system/src/newlib/sbrk.o
 .bss           0x00000000        0x0 ./system/src/newlib/sbrk.o
 .bss.current_heap_end.0
                0x00000000        0x4 ./system/src/newlib/sbrk.o
 .text._sbrk    0x00000000       0x68 ./system/src/newlib/sbrk.o
 .debug_info    0x00000000       0xeb ./system/src/newlib/sbrk.o
 .debug_abbrev  0x00000000       0x93 ./system/src/newlib/sbrk.o
 .debug_aranges
                0x00000000       0x20 ./system/src/newlib/sbrk.o
 .debug_ranges  0x00000000       0x10 ./system/src/newlib/sbrk.o
 .debug_line    0x00000000      0x101 ./system/src/newlib/sbrk.o
 .debug_str     0x00000000      0x233 ./system/src/newlib/sbrk.o
 .comment       0x00000000       0x4a ./system/src/newlib/sbrk.o
 .debug_frame   0x00000000       0x34 ./system/src/newlib/sbrk.o
 .ARM.attributes
                0x00000000       0x2e ./system/src/newlib/sbrk.o
 .text          0x00000000        0x0 ./system/src/newlib/startup.o
 .data          0x00000000        0x0 ./system/src/newlib/startup.o
 .bss           0x00000000        0x0 ./system/src/newlib/startup.o
 .text.__initialize_data
                0x00000000       0x36 ./system/src/newlib/startup.o
 .text.__initialize_bss
                0x00000000       0x2e ./system/src/newlib/startup.o
 .text.__run_init_array
                0x00000000       0x70 ./system/src/newlib/startup.o
 .text.__run_fini_array
                0x00000000       0x40 ./system/src/newlib/startup.o
 .text          0x00000000        0x0 ./system/src/newlib/syscalls.o
 .data          0x00000000        0x0 ./system/src/newlib/syscalls.o
 .bss           0x00000000        0x0 ./system/src/newlib/syscalls.o
 .bss.errno     0x00000000        0x4 ./system/src/newlib/syscalls.o
 .bss.__dso_handle
                0x00000000        0x4 ./system/src/newlib/syscalls.o
 .text.raise    0x00000000       0x1e ./system/src/newlib/syscalls.o
 .text.kill     0x00000000       0x20 ./system/src/newlib/syscalls.o
 .text          0x00000000        0x0 ./system/src/diag/trace-impl.o
 .data          0x00000000        0x0 ./system/src/diag/trace-impl.o
 .bss           0x00000000        0x0 ./system/src/diag/trace-impl.o
 .debug_line    0x00000000        0x0 ./system/src/diag/trace-impl.o
 .debug_str     0x00000000      0x150 ./system/src/diag/trace-impl.o
 .comment       0x00000000       0x4a ./system/src/diag/trace-impl.o
 .ARM.attributes
                0x00000000       0x2e ./system/src/diag/trace-impl.o
 .text          0x00000000        0x0 ./system/src/diag/trace.o
 .data          0x00000000        0x0 ./system/src/diag/trace.o
 .bss           0x00000000        0x0 ./system/src/diag/trace.o
 .debug_line    0x00000000        0x0 ./system/src/diag/trace.o
 .debug_str     0x00000000      0x14b ./system/src/diag/trace.o
 .comment       0x00000000       0x4a ./system/src/diag/trace.o
 .ARM.attributes
                0x00000000       0x2e ./system/src/diag/trace.o
 .text          0x00000000        0x0 ./system/src/cortexm/exception-handlers.o
 .data          0x00000000        0x0 ./system/src/cortexm/exception-handlers.o
 .bss           0x00000000        0x0 ./system/src/cortexm/exception-handlers.o
 .text          0x00000000        0x0 ./system/src/cortexm/initialize-hardware.o
 .data          0x00000000        0x0 ./system/src/cortexm/initialize-hardware.o
 .bss           0x00000000        0x0 ./system/src/cortexm/initialize-hardware.o
 .text          0x00000000        0x0 ./system/src/cortexm/reset-hardware.o
 .data          0x00000000        0x0 ./system/src/cortexm/reset-hardware.o
 .bss           0x00000000        0x0 ./system/src/cortexm/reset-hardware.o
 .text          0x00000000        0x0 ./system/src/cmsis/system_stm32f4xx.o
 .data          0x00000000        0x0 ./system/src/cmsis/system_stm32f4xx.o
 .bss           0x00000000        0x0 ./system/src/cmsis/system_stm32f4xx.o
 .rodata.APBPrescTable
                0x00000000        0x8 ./system/src/cmsis/system_stm32f4xx.o
 .text          0x00000000        0x0 ./system/src/cmsis/vectors_stm32f401xe.o
 .data          0x00000000        0x0 ./system/src/cmsis/vectors_stm32f401xe.o
 .bss           0x00000000        0x0 ./system/src/cmsis/vectors_stm32f401xe.o
 .text          0x00000000        0x0 ./src/TC72_slave.o
 .data          0x00000000        0x0 ./src/TC72_slave.o
 .bss           0x00000000        0x0 ./src/TC72_slave.o
 .text          0x00000000        0x0 ./TC72/TC72.o
 .data          0x00000000        0x0 ./TC72/TC72.o
 .bss           0x00000000        0x0 ./TC72/TC72.o
 .text          0x00000000        0x0 ./SPI/SPI.o
 .data          0x00000000        0x0 ./SPI/SPI.o
 .bss           0x00000000        0x0 ./SPI/SPI.o
 .text          0x00000000        0x0 ./Rcc/Rcc.o
 .data          0x00000000        0x0 ./Rcc/Rcc.o
 .bss           0x00000000        0x0 ./Rcc/Rcc.o
 .text.Rcc_Disable
                0x00000000       0x9c ./Rcc/Rcc.o
 .text          0x00000000        0x0 ./Led/led.o
 .data          0x00000000        0x0 ./Led/led.o
 .bss           0x00000000        0x0 ./Led/led.o
 .text.LED_Init
                0x00000000       0x2a ./Led/led.o
 .text.LED_Activate
                0x00000000       0x24 ./Led/led.o
 .text.LED_Toggle
                0x00000000       0x1e ./Led/led.o
 .debug_info    0x00000000      0x31c ./Led/led.o
 .debug_abbrev  0x00000000       0xc3 ./Led/led.o
 .debug_aranges
                0x00000000       0x30 ./Led/led.o
 .debug_ranges  0x00000000       0x20 ./Led/led.o
 .debug_line    0x00000000      0x16c ./Led/led.o
 .debug_str     0x00000000      0x43c ./Led/led.o
 .comment       0x00000000       0x4a ./Led/led.o
 .debug_frame   0x00000000       0x7c ./Led/led.o
 .ARM.attributes
                0x00000000       0x2e ./Led/led.o
 .text          0x00000000        0x0 ./LCD/lcd.o
 .data          0x00000000        0x0 ./LCD/lcd.o
 .bss           0x00000000        0x0 ./LCD/lcd.o
 .text.LCD_displayStringRowColumn
                0x00000000       0x2a ./LCD/lcd.o
 .text          0x00000000        0x0 ./Gpio/Gpio.o
 .data          0x00000000        0x0 ./Gpio/Gpio.o
 .bss           0x00000000        0x0 ./Gpio/Gpio.o
 .text.GPIO_WritePortValue
                0x00000000       0x34 ./Gpio/Gpio.o
 .text.GPIO_TogglePin
                0x00000000       0x60 ./Gpio/Gpio.o
 .text.GPIO_ReadPinState
                0x00000000       0x9c ./Gpio/Gpio.o
 .text.GPIO_ReadInputPortState
                0x00000000       0x30 ./Gpio/Gpio.o
 .text.GPIO_ReadOutputPortState
                0x00000000       0x30 ./Gpio/Gpio.o
 .text          0x00000000        0x0 ./Delay/Delay.o
 .data          0x00000000        0x0 ./Delay/Delay.o
 .bss           0x00000000        0x0 ./Delay/Delay.o
 .text          0x00000000      0x168 c:/users/anwar/desktop/sbme 2024/year 3 (2022-2023)/semester 2/embedded systems/arm gcc/10 2021.10/bin/../lib/gcc/arm-none-eabi/10.3.1/thumb/v7e-m/nofp\libgcc.a(_arm_mulsf3.o)
 .data          0x00000000        0x0 c:/users/anwar/desktop/sbme 2024/year 3 (2022-2023)/semester 2/embedded systems/arm gcc/10 2021.10/bin/../lib/gcc/arm-none-eabi/10.3.1/thumb/v7e-m/nofp\libgcc.a(_arm_mulsf3.o)
 .bss           0x00000000        0x0 c:/users/anwar/desktop/sbme 2024/year 3 (2022-2023)/semester 2/embedded systems/arm gcc/10 2021.10/bin/../lib/gcc/arm-none-eabi/10.3.1/thumb/v7e-m/nofp\libgcc.a(_arm_mulsf3.o)
 .debug_frame   0x00000000       0x24 c:/users/anwar/desktop/sbme 2024/year 3 (2022-2023)/semester 2/embedded systems/arm gcc/10 2021.10/bin/../lib/gcc/arm-none-eabi/10.3.1/thumb/v7e-m/nofp\libgcc.a(_arm_mulsf3.o)
 .ARM.attributes
                0x00000000       0x1e c:/users/anwar/desktop/sbme 2024/year 3 (2022-2023)/semester 2/embedded systems/arm gcc/10 2021.10/bin/../lib/gcc/arm-none-eabi/10.3.1/thumb/v7e-m/nofp\libgcc.a(_arm_mulsf3.o)
 .data          0x00000000        0x0 c:/users/anwar/desktop/sbme 2024/year 3 (2022-2023)/semester 2/embedded systems/arm gcc/10 2021.10/bin/../lib/gcc/arm-none-eabi/10.3.1/thumb/v7e-m/nofp\libgcc.a(_arm_addsubsf3.o)
 .bss           0x00000000        0x0 c:/users/anwar/desktop/sbme 2024/year 3 (2022-2023)/semester 2/embedded systems/arm gcc/10 2021.10/bin/../lib/gcc/arm-none-eabi/10.3.1/thumb/v7e-m/nofp\libgcc.a(_arm_addsubsf3.o)
 .data          0x00000000        0x0 c:/users/anwar/desktop/sbme 2024/year 3 (2022-2023)/semester 2/embedded systems/arm gcc/10 2021.10/bin/../lib/gcc/arm-none-eabi/10.3.1/thumb/v7e-m/nofp\libgcc.a(_arm_muldivsf3.o)
 .bss           0x00000000        0x0 c:/users/anwar/desktop/sbme 2024/year 3 (2022-2023)/semester 2/embedded systems/arm gcc/10 2021.10/bin/../lib/gcc/arm-none-eabi/10.3.1/thumb/v7e-m/nofp\libgcc.a(_arm_muldivsf3.o)
 .data          0x00000000        0x0 c:/users/anwar/desktop/sbme 2024/year 3 (2022-2023)/semester 2/embedded systems/arm gcc/10 2021.10/bin/../lib/gcc/arm-none-eabi/10.3.1/thumb/v7e-m/nofp\libgcc.a(_arm_fixunssfsi.o)
 .bss           0x00000000        0x0 c:/users/anwar/desktop/sbme 2024/year 3 (2022-2023)/semester 2/embedded systems/arm gcc/10 2021.10/bin/../lib/gcc/arm-none-eabi/10.3.1/thumb/v7e-m/nofp\libgcc.a(_arm_fixunssfsi.o)
 .text          0x00000000        0x0 c:/users/anwar/desktop/sbme 2024/year 3 (2022-2023)/semester 2/embedded systems/arm gcc/10 2021.10/bin/../lib/gcc/arm-none-eabi/10.3.1/../../../../arm-none-eabi/lib/thumb/v7e-m/nofp\libg_nano.a(lib_a-errno.o)
 .data          0x00000000        0x0 c:/users/anwar/desktop/sbme 2024/year 3 (2022-2023)/semester 2/embedded systems/arm gcc/10 2021.10/bin/../lib/gcc/arm-none-eabi/10.3.1/../../../../arm-none-eabi/lib/thumb/v7e-m/nofp\libg_nano.a(lib_a-errno.o)
 .bss           0x00000000        0x0 c:/users/anwar/desktop/sbme 2024/year 3 (2022-2023)/semester 2/embedded systems/arm gcc/10 2021.10/bin/../lib/gcc/arm-none-eabi/10.3.1/../../../../arm-none-eabi/lib/thumb/v7e-m/nofp\libg_nano.a(lib_a-errno.o)
 .text.__errno  0x00000000        0xc c:/users/anwar/desktop/sbme 2024/year 3 (2022-2023)/semester 2/embedded systems/arm gcc/10 2021.10/bin/../lib/gcc/arm-none-eabi/10.3.1/../../../../arm-none-eabi/lib/thumb/v7e-m/nofp\libg_nano.a(lib_a-errno.o)
 .debug_frame   0x00000000       0x20 c:/users/anwar/desktop/sbme 2024/year 3 (2022-2023)/semester 2/embedded systems/arm gcc/10 2021.10/bin/../lib/gcc/arm-none-eabi/10.3.1/../../../../arm-none-eabi/lib/thumb/v7e-m/nofp\libg_nano.a(lib_a-errno.o)
 .ARM.attributes
                0x00000000       0x2e c:/users/anwar/desktop/sbme 2024/year 3 (2022-2023)/semester 2/embedded systems/arm gcc/10 2021.10/bin/../lib/gcc/arm-none-eabi/10.3.1/../../../../arm-none-eabi/lib/thumb/v7e-m/nofp\libg_nano.a(lib_a-errno.o)
 .text          0x00000000        0x0 c:/users/anwar/desktop/sbme 2024/year 3 (2022-2023)/semester 2/embedded systems/arm gcc/10 2021.10/bin/../lib/gcc/arm-none-eabi/10.3.1/../../../../arm-none-eabi/lib/thumb/v7e-m/nofp\libg_nano.a(lib_a-impure.o)
 .data          0x00000000        0x0 c:/users/anwar/desktop/sbme 2024/year 3 (2022-2023)/semester 2/embedded systems/arm gcc/10 2021.10/bin/../lib/gcc/arm-none-eabi/10.3.1/../../../../arm-none-eabi/lib/thumb/v7e-m/nofp\libg_nano.a(lib_a-impure.o)
 .bss           0x00000000        0x0 c:/users/anwar/desktop/sbme 2024/year 3 (2022-2023)/semester 2/embedded systems/arm gcc/10 2021.10/bin/../lib/gcc/arm-none-eabi/10.3.1/../../../../arm-none-eabi/lib/thumb/v7e-m/nofp\libg_nano.a(lib_a-impure.o)
 .data._impure_ptr
                0x00000000        0x4 c:/users/anwar/desktop/sbme 2024/year 3 (2022-2023)/semester 2/embedded systems/arm gcc/10 2021.10/bin/../lib/gcc/arm-none-eabi/10.3.1/../../../../arm-none-eabi/lib/thumb/v7e-m/nofp\libg_nano.a(lib_a-impure.o)
 .data.impure_data
                0x00000000       0x60 c:/users/anwar/desktop/sbme 2024/year 3 (2022-2023)/semester 2/embedded systems/arm gcc/10 2021.10/bin/../lib/gcc/arm-none-eabi/10.3.1/../../../../arm-none-eabi/lib/thumb/v7e-m/nofp\libg_nano.a(lib_a-impure.o)
 .rodata._global_impure_ptr
                0x00000000        0x4 c:/users/anwar/desktop/sbme 2024/year 3 (2022-2023)/semester 2/embedded systems/arm gcc/10 2021.10/bin/../lib/gcc/arm-none-eabi/10.3.1/../../../../arm-none-eabi/lib/thumb/v7e-m/nofp\libg_nano.a(lib_a-impure.o)
 .ARM.attributes
                0x00000000       0x2e c:/users/anwar/desktop/sbme 2024/year 3 (2022-2023)/semester 2/embedded systems/arm gcc/10 2021.10/bin/../lib/gcc/arm-none-eabi/10.3.1/../../../../arm-none-eabi/lib/thumb/v7e-m/nofp\libg_nano.a(lib_a-impure.o)
 .text          0x00000000        0x0 c:/users/anwar/desktop/sbme 2024/year 3 (2022-2023)/semester 2/embedded systems/arm gcc/10 2021.10/bin/../lib/gcc/arm-none-eabi/10.3.1/../../../../arm-none-eabi/lib/thumb/v7e-m/nofp\libg_nano.a(lib_a-itoa.o)
 .data          0x00000000        0x0 c:/users/anwar/desktop/sbme 2024/year 3 (2022-2023)/semester 2/embedded systems/arm gcc/10 2021.10/bin/../lib/gcc/arm-none-eabi/10.3.1/../../../../arm-none-eabi/lib/thumb/v7e-m/nofp\libg_nano.a(lib_a-itoa.o)
 .bss           0x00000000        0x0 c:/users/anwar/desktop/sbme 2024/year 3 (2022-2023)/semester 2/embedded systems/arm gcc/10 2021.10/bin/../lib/gcc/arm-none-eabi/10.3.1/../../../../arm-none-eabi/lib/thumb/v7e-m/nofp\libg_nano.a(lib_a-itoa.o)
 .text          0x00000000        0x0 c:/users/anwar/desktop/sbme 2024/year 3 (2022-2023)/semester 2/embedded systems/arm gcc/10 2021.10/bin/../lib/gcc/arm-none-eabi/10.3.1/../../../../arm-none-eabi/lib/thumb/v7e-m/nofp\libg_nano.a(lib_a-utoa.o)
 .data          0x00000000        0x0 c:/users/anwar/desktop/sbme 2024/year 3 (2022-2023)/semester 2/embedded systems/arm gcc/10 2021.10/bin/../lib/gcc/arm-none-eabi/10.3.1/../../../../arm-none-eabi/lib/thumb/v7e-m/nofp\libg_nano.a(lib_a-utoa.o)
 .bss           0x00000000        0x0 c:/users/anwar/desktop/sbme 2024/year 3 (2022-2023)/semester 2/embedded systems/arm gcc/10 2021.10/bin/../lib/gcc/arm-none-eabi/10.3.1/../../../../arm-none-eabi/lib/thumb/v7e-m/nofp\libg_nano.a(lib_a-utoa.o)
 .text.utoa     0x00000000        0x4 c:/users/anwar/desktop/sbme 2024/year 3 (2022-2023)/semester 2/embedded systems/arm gcc/10 2021.10/bin/../lib/gcc/arm-none-eabi/10.3.1/../../../../arm-none-eabi/lib/thumb/v7e-m/nofp\libg_nano.a(lib_a-utoa.o)

Memory Configuration

Name             Origin             Length             Attributes
RAM              0x20000000         0x00010000         xrw
CCMRAM           0x10000000         0x00000000         xrw
FLASH            0x08000000         0x00100000         xr
FLASHB1          0x00000000         0x00000000         xr
EXTMEMB0         0x00000000         0x00000000         xr
EXTMEMB1         0x00000000         0x00000000         xr
EXTMEMB2         0x00000000         0x00000000         xr
EXTMEMB3         0x00000000         0x00000000         xr
*default*        0x00000000         0xffffffff

Linker script and memory map

LOAD ./system/src/newlib/assert.o
LOAD ./system/src/newlib/cxx.o
LOAD ./system/src/newlib/exit.o
LOAD ./system/src/newlib/sbrk.o
LOAD ./system/src/newlib/startup.o
LOAD ./system/src/newlib/syscalls.o
LOAD ./system/src/diag/trace-impl.o
LOAD ./system/src/diag/trace.o
LOAD ./system/src/cortexm/exception-handlers.o
LOAD ./system/src/cortexm/initialize-hardware.o
LOAD ./system/src/cortexm/reset-hardware.o
LOAD ./system/src/cmsis/system_stm32f4xx.o
LOAD ./system/src/cmsis/vectors_stm32f401xe.o
LOAD ./src/TC72_slave.o
LOAD ./TC72/TC72.o
LOAD ./SPI/SPI.o
LOAD ./Rcc/Rcc.o
LOAD ./Led/led.o
LOAD ./LCD/lcd.o
LOAD ./Gpio/Gpio.o
LOAD ./Delay/Delay.o
LOAD c:/users/anwar/desktop/sbme 2024/year 3 (2022-2023)/semester 2/embedded systems/arm gcc/10 2021.10/bin/../lib/gcc/arm-none-eabi/10.3.1/../../../../arm-none-eabi/lib/thumb/v7e-m/nofp\libstdc++_nano.a
LOAD c:/users/anwar/desktop/sbme 2024/year 3 (2022-2023)/semester 2/embedded systems/arm gcc/10 2021.10/bin/../lib/gcc/arm-none-eabi/10.3.1/../../../../arm-none-eabi/lib/thumb/v7e-m/nofp\libm.a
START GROUP
LOAD c:/users/anwar/desktop/sbme 2024/year 3 (2022-2023)/semester 2/embedded systems/arm gcc/10 2021.10/bin/../lib/gcc/arm-none-eabi/10.3.1/thumb/v7e-m/nofp\libgcc.a
LOAD c:/users/anwar/desktop/sbme 2024/year 3 (2022-2023)/semester 2/embedded systems/arm gcc/10 2021.10/bin/../lib/gcc/arm-none-eabi/10.3.1/../../../../arm-none-eabi/lib/thumb/v7e-m/nofp\libg_nano.a
LOAD c:/users/anwar/desktop/sbme 2024/year 3 (2022-2023)/semester 2/embedded systems/arm gcc/10 2021.10/bin/../lib/gcc/arm-none-eabi/10.3.1/../../../../arm-none-eabi/lib/thumb/v7e-m/nofp\libc_nano.a
END GROUP
START GROUP
LOAD c:/users/anwar/desktop/sbme 2024/year 3 (2022-2023)/semester 2/embedded systems/arm gcc/10 2021.10/bin/../lib/gcc/arm-none-eabi/10.3.1/thumb/v7e-m/nofp\libgcc.a
LOAD c:/users/anwar/desktop/sbme 2024/year 3 (2022-2023)/semester 2/embedded systems/arm gcc/10 2021.10/bin/../lib/gcc/arm-none-eabi/10.3.1/../../../../arm-none-eabi/lib/thumb/v7e-m/nofp\libc_nano.a
END GROUP
                0x20010000                __stack = (ORIGIN (RAM) + LENGTH (RAM))
                0x20010000                _estack = __stack
                0x00000400                __Main_Stack_Size = 0x400
                [!provide]                PROVIDE (_Main_Stack_Size = __Main_Stack_Size)
                0x2000fc00                __Main_Stack_Limit = (__stack - __Main_Stack_Size)
                [!provide]                PROVIDE (_Main_Stack_Limit = __Main_Stack_Limit)
                0x00000100                _Minimum_Stack_Size = 0x100
                0x20000044                PROVIDE (_Heap_Begin = _end_noinit)
                0x2000fc00                PROVIDE (_Heap_Limit = (__stack - __Main_Stack_Size))

.isr_vector     0x08000000      0x3b2
 FILL mask 0xff
                0x08000000                __vectors_start = ABSOLUTE (.)
                0x08000000                __vectors_start__ = ABSOLUTE (.)
 *(.isr_vector)
 .isr_vector    0x08000000      0x194 ./system/src/cmsis/vectors_stm32f401xe.o
                0x08000000                __isr_vectors
 *(.cfmconfig)
 *(.after_vectors .after_vectors.*)
 .after_vectors
                0x08000194      0x170 ./system/src/newlib/startup.o
                0x08000194                _start
 .after_vectors
                0x08000304       0xa8 ./system/src/cortexm/exception-handlers.o
                0x08000304                Reset_Handler
                0x0800030a                NMI_Handler
                0x08000310                HardFault_Handler
                0x08000326                HardFault_Handler_C
                0x08000332                MemManage_Handler
                0x08000338                BusFault_Handler
                0x0800034e                BusFault_Handler_C
                0x0800035a                UsageFault_Handler
                0x08000370                UsageFault_Handler_C
                0x0800037c                SVC_Handler
                0x08000382                DebugMon_Handler
                0x08000388                PendSV_Handler
                0x0800038e                SysTick_Handler
 .after_vectors
                0x080003ac        0x6 ./system/src/cmsis/vectors_stm32f401xe.o
                0x080003ac                RTC_Alarm_IRQHandler
                0x080003ac                EXTI2_IRQHandler
                0x080003ac                SPI4_IRQHandler
                0x080003ac                TIM1_CC_IRQHandler
                0x080003ac                DMA2_Stream5_IRQHandler
                0x080003ac                DMA1_Stream5_IRQHandler
                0x080003ac                PVD_IRQHandler
                0x080003ac                SDIO_IRQHandler
                0x080003ac                TAMP_STAMP_IRQHandler
                0x080003ac                EXTI3_IRQHandler
                0x080003ac                TIM1_UP_TIM10_IRQHandler
                0x080003ac                I2C3_ER_IRQHandler
                0x080003ac                EXTI0_IRQHandler
                0x080003ac                I2C2_EV_IRQHandler
                0x080003ac                DMA1_Stream2_IRQHandler
                0x080003ac                FPU_IRQHandler
                0x080003ac                DMA2_Stream2_IRQHandler
                0x080003ac                SPI1_IRQHandler
                0x080003ac                TIM1_BRK_TIM9_IRQHandler
                0x080003ac                DMA2_Stream3_IRQHandler
                0x080003ac                USART6_IRQHandler
                0x080003ac                DMA2_Stream0_IRQHandler
                0x080003ac                TIM4_IRQHandler
                0x080003ac                I2C1_EV_IRQHandler
                0x080003ac                DMA1_Stream6_IRQHandler
                0x080003ac                DMA1_Stream1_IRQHandler
                0x080003ac                TIM3_IRQHandler
                0x080003ac                RCC_IRQHandler
                0x080003ac                Default_Handler
                0x080003ac                EXTI15_10_IRQHandler
                0x080003ac                ADC_IRQHandler
                0x080003ac                DMA1_Stream7_IRQHandler
                0x080003ac                TIM5_IRQHandler
                0x080003ac                DMA2_Stream7_IRQHandler
                0x080003ac                I2C3_EV_IRQHandler
                0x080003ac                EXTI9_5_IRQHandler
                0x080003ac                RTC_WKUP_IRQHandler
                0x080003ac                SPI2_IRQHandler
                0x080003ac                DMA1_Stream0_IRQHandler
                0x080003ac                EXTI4_IRQHandler
                0x080003ac                WWDG_IRQHandler
                0x080003ac                TIM2_IRQHandler
                0x080003ac                OTG_FS_WKUP_IRQHandler
                0x080003ac                TIM1_TRG_COM_TIM11_IRQHandler
                0x080003ac                EXTI1_IRQHandler
                0x080003ac                USART2_IRQHandler
                0x080003ac                I2C2_ER_IRQHandler
                0x080003ac                DMA2_Stream1_IRQHandler
                0x080003ac                FLASH_IRQHandler
                0x080003ac                DMA2_Stream4_IRQHandler
                0x080003ac                USART1_IRQHandler
                0x080003ac                OTG_FS_IRQHandler
                0x080003ac                SPI3_IRQHandler
                0x080003ac                DMA1_Stream4_IRQHandler
                0x080003ac                I2C1_ER_IRQHandler
                0x080003ac                DMA2_Stream6_IRQHandler
                0x080003ac                DMA1_Stream3_IRQHandler

.inits          0x080003b4       0x28
                0x080003b4                __data_regions_array_start = .
                0x080003b4        0x4 LONG 0x8001650 LOADADDR (.data)
                0x080003b8        0x4 LONG 0x20000000 ADDR (.data)
                0x080003bc        0x4 LONG 0x20000040 (ADDR (.data) + SIZEOF (.data))
                0x080003c0        0x4 LONG 0x8001650 LOADADDR (.data_CCMRAM)
                0x080003c4        0x4 LONG 0x10000000 ADDR (.data_CCMRAM)
                0x080003c8        0x4 LONG 0x10000000 (ADDR (.data_CCMRAM) + SIZEOF (.data_CCMRAM))
                0x080003cc                __data_regions_array_end = .
                0x080003cc                __bss_regions_array_start = .
                0x080003cc        0x4 LONG 0x20000040 ADDR (.bss)
                0x080003d0        0x4 LONG 0x20000044 (ADDR (.bss) + SIZEOF (.bss))
                0x080003d4        0x4 LONG 0x10000000 ADDR (.bss_CCMRAM)
                0x080003d8        0x4 LONG 0x10000000 (ADDR (.bss_CCMRAM) + SIZEOF (.bss_CCMRAM))
                0x080003dc                __bss_regions_array_end = .
 *(.init)
 *(.fini)
                0x080003dc                . = ALIGN (0x4)
                0x080003dc                PROVIDE (__preinit_array_start = .)
 *(.preinit_array_sysinit .preinit_array_sysinit.*)
 *(.preinit_array_platform .preinit_array_platform.*)
 *(.preinit_array .preinit_array.*)
                0x080003dc                PROVIDE (__preinit_array_end = .)
                0x080003dc                . = ALIGN (0x4)
                0x080003dc                PROVIDE (__init_array_start = .)
 *(SORT_BY_NAME(.init_array.*))
 *(.init_array)
                0x080003dc                PROVIDE (__init_array_end = .)
                0x080003dc                . = ALIGN (0x4)
                0x080003dc                PROVIDE (__fini_array_start = .)
 *(SORT_BY_NAME(.fini_array.*))
 *(.fini_array)
                0x080003dc                PROVIDE (__fini_array_end = .)

.flashtext
 *(.flashtext .flashtext.*)

.text           0x080003dc     0x1273
 *(.text .text.*)
 .text._exit    0x080003dc        0xc ./system/src/newlib/exit.o
                0x080003dc                _exit
 .text.__initialize_args
                0x080003e8       0x24 ./system/src/newlib/syscalls.o
                0x080003e8                __initialize_args
 .text.__initialize_hardware_early
                0x0800040c       0x1c ./system/src/cortexm/initialize-hardware.o
                0x0800040c                __initialize_hardware_early
 .text.__initialize_hardware
                0x08000428        0xc ./system/src/cortexm/initialize-hardware.o
                0x08000428                __initialize_hardware
 .text.__NVIC_SystemReset
                0x08000434       0x2c ./system/src/cortexm/reset-hardware.o
 .text.__reset_hardware
                0x08000460        0x8 ./system/src/cortexm/reset-hardware.o
                0x08000460                __reset_hardware
 .text.SystemInit
                0x08000468       0x18 ./system/src/cmsis/system_stm32f4xx.o
                0x08000468                SystemInit
 .text.SystemCoreClockUpdate
                0x08000480      0x100 ./system/src/cmsis/system_stm32f4xx.o
                0x08000480                SystemCoreClockUpdate
 .text.main     0x08000580       0xc0 ./src/TC72_slave.o
                0x08000580                main
 .text.TC72_Init
                0x08000640       0x52 ./TC72/TC72.o
                0x08000640                TC72_Init
 .text.TC72_WriteRegister
                0x08000692       0x3a ./TC72/TC72.o
                0x08000692                TC72_WriteRegister
 .text.TC72_ReadRegister
                0x080006cc       0x36 ./TC72/TC72.o
                0x080006cc                TC72_ReadRegister
 .text.TC72_GetTemperature
                0x08000702       0xd4 ./TC72/TC72.o
                0x08000702                TC72_GetTemperature
 .text.SPI_init
                0x080007d6      0x1a4 ./SPI/SPI.o
                0x080007d6                SPI_init
 .text.SPI_TransmitRecieveByte
                0x0800097a       0x44 ./SPI/SPI.o
                0x0800097a                SPI_TransmitRecieveByte
 *fill*         0x080009be        0x2 
 .text.Rcc_Init
                0x080009c0       0x1c ./Rcc/Rcc.o
                0x080009c0                Rcc_Init
 .text.Rcc_Enable
                0x080009dc       0x9c ./Rcc/Rcc.o
                0x080009dc                Rcc_Enable
 .text.LCD_init
                0x08000a78       0x74 ./LCD/lcd.o
                0x08000a78                LCD_init
 .text.LCD_sendCommand
                0x08000aec      0x13c ./LCD/lcd.o
                0x08000aec                LCD_sendCommand
 .text.LCD_displayCharacter
                0x08000c28      0x13c ./LCD/lcd.o
                0x08000c28                LCD_displayCharacter
 .text.LCD_displayString
                0x08000d64       0x3e ./LCD/lcd.o
                0x08000d64                LCD_displayString
 *fill*         0x08000da2        0x2 
 .text.LCD_moveCursor
                0x08000da4       0x60 ./LCD/lcd.o
                0x08000da4                LCD_moveCursor
 .text.LCD_intgerToString
                0x08000e04       0x28 ./LCD/lcd.o
                0x08000e04                LCD_intgerToString
 .text.LCD_clearScreen
                0x08000e2c       0x16 ./LCD/lcd.o
                0x08000e2c                LCD_clearScreen
 *fill*         0x08000e42        0x2 
 .text.GPIO_ConfigPin
                0x08000e44      0x144 ./Gpio/Gpio.o
                0x08000e44                GPIO_ConfigPin
 .text.GPIO_WritePinValue
                0x08000f88       0x80 ./Gpio/Gpio.o
                0x08000f88                GPIO_WritePinValue
 .text.delay_ms
                0x08001008       0x58 ./Delay/Delay.o
                0x08001008                delay_ms
 .text          0x08001060      0x21c c:/users/anwar/desktop/sbme 2024/year 3 (2022-2023)/semester 2/embedded systems/arm gcc/10 2021.10/bin/../lib/gcc/arm-none-eabi/10.3.1/thumb/v7e-m/nofp\libgcc.a(_arm_addsubsf3.o)
                0x08001060                __aeabi_frsub
                0x08001068                __subsf3
                0x08001068                __aeabi_fsub
                0x0800106c                __aeabi_fadd
                0x0800106c                __addsf3
                0x080011cc                __aeabi_ui2f
                0x080011cc                __floatunsisf
                0x080011d4                __aeabi_i2f
                0x080011d4                __floatsisf
                0x080011f0                __aeabi_ul2f
                0x080011f0                __floatundisf
                0x08001200                __aeabi_l2f
                0x08001200                __floatdisf
 .text          0x0800127c      0x2a0 c:/users/anwar/desktop/sbme 2024/year 3 (2022-2023)/semester 2/embedded systems/arm gcc/10 2021.10/bin/../lib/gcc/arm-none-eabi/10.3.1/thumb/v7e-m/nofp\libgcc.a(_arm_muldivsf3.o)
                0x0800127c                __mulsf3
                0x0800127c                __aeabi_fmul
                0x080013e4                __aeabi_fdiv
                0x080013e4                __divsf3
 .text          0x0800151c       0x40 c:/users/anwar/desktop/sbme 2024/year 3 (2022-2023)/semester 2/embedded systems/arm gcc/10 2021.10/bin/../lib/gcc/arm-none-eabi/10.3.1/thumb/v7e-m/nofp\libgcc.a(_arm_fixunssfsi.o)
                0x0800151c                __fixunssfsi
                0x0800151c                __aeabi_f2uiz
 .text.__itoa   0x0800155c       0x30 c:/users/anwar/desktop/sbme 2024/year 3 (2022-2023)/semester 2/embedded systems/arm gcc/10 2021.10/bin/../lib/gcc/arm-none-eabi/10.3.1/../../../../arm-none-eabi/lib/thumb/v7e-m/nofp\libg_nano.a(lib_a-itoa.o)
                0x0800155c                __itoa
 .text.itoa     0x0800158c        0x4 c:/users/anwar/desktop/sbme 2024/year 3 (2022-2023)/semester 2/embedded systems/arm gcc/10 2021.10/bin/../lib/gcc/arm-none-eabi/10.3.1/../../../../arm-none-eabi/lib/thumb/v7e-m/nofp\libg_nano.a(lib_a-itoa.o)
                0x0800158c                itoa
 .text.__utoa   0x08001590       0x84 c:/users/anwar/desktop/sbme 2024/year 3 (2022-2023)/semester 2/embedded systems/arm gcc/10 2021.10/bin/../lib/gcc/arm-none-eabi/10.3.1/../../../../arm-none-eabi/lib/thumb/v7e-m/nofp\libg_nano.a(lib_a-utoa.o)
                0x08001590                __utoa
 *(.rodata .rodata.* .constdata .constdata.*)
 .rodata.AHBPrescTable
                0x08001614       0x10 ./system/src/cmsis/system_stm32f4xx.o
                0x08001614                AHBPrescTable
 .rodata        0x08001624        0x6 ./src/TC72_slave.o
 .rodata.__utoa.str1.1
                0x0800162a       0x25 c:/users/anwar/desktop/sbme 2024/year 3 (2022-2023)/semester 2/embedded systems/arm gcc/10 2021.10/bin/../lib/gcc/arm-none-eabi/10.3.1/../../../../arm-none-eabi/lib/thumb/v7e-m/nofp\libg_nano.a(lib_a-utoa.o)
 *(vtable)
 *(.eh_frame*)
 *(.glue_7)
 .glue_7        0x0800164f        0x0 linker stubs
 *(.glue_7t)
 .glue_7t       0x0800164f        0x0 linker stubs

.vfp11_veneer   0x08001650        0x0
 .vfp11_veneer  0x08001650        0x0 linker stubs

.v4_bx          0x08001650        0x0
 .v4_bx         0x08001650        0x0 linker stubs

.iplt           0x08001650        0x0
 .iplt          0x08001650        0x0 ./system/src/newlib/exit.o

.rel.dyn        0x08001650        0x0
 .rel.iplt      0x08001650        0x0 ./system/src/newlib/exit.o

.ARM.extab
 *(.ARM.extab* .gnu.linkonce.armextab.*)
                0x08001650                . = ALIGN (0x4)
                0x08001650                __exidx_start = .

.ARM.exidx
 *(.ARM.exidx* .gnu.linkonce.armexidx.*)
                0x08001650                __exidx_end = .
                0x08001650                . = ALIGN (0x4)
                0x08001650                _etext = .
                0x08001650                __etext = .

.data_CCMRAM    0x10000000        0x0 load address 0x08001650
 FILL mask 0xff
 *(.data.CCMRAM .data.CCMRAM.*)
                0x10000000                . = ALIGN (0x4)
                0x08001650                _sidata = LOADADDR (.data)

.data           0x20000000       0x40 load address 0x08001650
 FILL mask 0xff
                0x20000000                _sdata = .
                0x20000000                __data_start__ = .
 *(.data_begin .data_begin.*)
 *(.data .data.*)
 .data.argv.1   0x20000000        0x8 ./system/src/newlib/syscalls.o
 .data.SystemCoreClock
                0x20000008        0x4 ./system/src/cmsis/system_stm32f4xx.o
                0x20000008                SystemCoreClock
 .data.TC72_spi
                0x2000000c        0xc ./src/TC72_slave.o
                0x2000000c                TC72_spi
 .data.TC72_gpio
                0x20000018        0x6 ./src/TC72_slave.o
                0x20000018                TC72_gpio
 *fill*         0x2000001e        0x2 ff
 .data.LCD_gpiox
                0x20000020        0x6 ./LCD/lcd.o
                0x20000020                LCD_gpiox
 *fill*         0x20000026        0x2 ff
 .data.gpioAddresses
                0x20000028       0x18 ./Gpio/Gpio.o
                0x20000028                gpioAddresses
 *(.data_end .data_end.*)
                0x20000040                . = ALIGN (0x4)
                0x20000040                _edata = .
                0x20000040                __data_end__ = .

.igot.plt       0x20000040        0x0 load address 0x08001690
 .igot.plt      0x20000040        0x0 ./system/src/newlib/exit.o

.bss_CCMRAM     0x10000000        0x0
 *(.bss.CCMRAM .bss.CCMRAM.*)

.bss            0x20000040        0x4
                0x20000040                __bss_start__ = .
                0x20000040                _sbss = .
 *(.bss_begin .bss_begin.*)
 *(.bss .bss.*)
 .bss.name.0    0x20000040        0x1 ./system/src/newlib/syscalls.o
 *(COMMON)
 *(.bss_end .bss_end.*)
                0x20000044                . = ALIGN (0x4)
 *fill*         0x20000041        0x3 
                0x20000044                __bss_end__ = .
                0x20000044                _ebss = .

.noinit_CCMRAM
 *(.noinit.CCMRAM .noinit.CCMRAM.*)

.noinit         0x20000044        0x0
                0x20000044                _noinit = .
 *(.noinit .noinit.*)
                0x20000044                . = ALIGN (0x4)
                0x20000044                _end_noinit = .
                [!provide]                PROVIDE (end = _end_noinit)
                [!provide]                PROVIDE (_end = _end_noinit)
                [!provide]                PROVIDE (__end = _end_noinit)
                [!provide]                PROVIDE (__end__ = _end_noinit)

._check_stack   0x20000044      0x100
                0x20000144                . = (. + _Minimum_Stack_Size)
 *fill*         0x20000044      0x100 

.b1text
 *(.b1text)
 *(.b1rodata)
 *(.b1rodata.*)

.eb0text
 *(.eb0text)
 *(.eb0rodata)
 *(.eb0rodata.*)

.eb1text
 *(.eb1text)
 *(.eb1rodata)
 *(.eb1rodata.*)

.eb2text
 *(.eb2text)
 *(.eb2rodata)
 *(.eb2rodata.*)

.eb3text
 *(.eb3text)
 *(.eb3rodata)
 *(.eb3rodata.*)

.stab
 *(.stab)

.stabstr
 *(.stabstr)

.stab.excl
 *(.stab.excl)

.stab.exclstr
 *(.stab.exclstr)

.stab.index
 *(.stab.index)

.stab.indexstr
 *(.stab.indexstr)

.comment        0x00000000       0x49
 *(.comment)
 .comment       0x00000000       0x49 ./system/src/newlib/exit.o
                                 0x4a (size before relaxing)
 .comment       0x00000049       0x4a ./system/src/newlib/startup.o
 .comment       0x00000049       0x4a ./system/src/newlib/syscalls.o
 .comment       0x00000049       0x4a ./system/src/cortexm/exception-handlers.o
 .comment       0x00000049       0x4a ./system/src/cortexm/initialize-hardware.o
 .comment       0x00000049       0x4a ./system/src/cortexm/reset-hardware.o
 .comment       0x00000049       0x4a ./system/src/cmsis/system_stm32f4xx.o
 .comment       0x00000049       0x4a ./system/src/cmsis/vectors_stm32f401xe.o
 .comment       0x00000049       0x4a ./src/TC72_slave.o
 .comment       0x00000049       0x4a ./TC72/TC72.o
 .comment       0x00000049       0x4a ./SPI/SPI.o
 .comment       0x00000049       0x4a ./Rcc/Rcc.o
 .comment       0x00000049       0x4a ./LCD/lcd.o
 .comment       0x00000049       0x4a ./Gpio/Gpio.o
 .comment       0x00000049       0x4a ./Delay/Delay.o

.ARM.attributes
                0x00000000       0x2e
 .ARM.attributes
                0x00000000       0x2e ./system/src/newlib/exit.o
 .ARM.attributes
                0x0000002e       0x2e ./system/src/newlib/startup.o
 .ARM.attributes
                0x0000005c       0x2e ./system/src/newlib/syscalls.o
 .ARM.attributes
                0x0000008a       0x2e ./system/src/cortexm/exception-handlers.o
 .ARM.attributes
                0x000000b8       0x2e ./system/src/cortexm/initialize-hardware.o
 .ARM.attributes
                0x000000e6       0x2e ./system/src/cortexm/reset-hardware.o
 .ARM.attributes
                0x00000114       0x2e ./system/src/cmsis/system_stm32f4xx.o
 .ARM.attributes
                0x00000142       0x2e ./system/src/cmsis/vectors_stm32f401xe.o
 .ARM.attributes
                0x00000170       0x2e ./src/TC72_slave.o
 .ARM.attributes
                0x0000019e       0x2e ./TC72/TC72.o
 .ARM.attributes
                0x000001cc       0x2e ./SPI/SPI.o
 .ARM.attributes
                0x000001fa       0x2e ./Rcc/Rcc.o
 .ARM.attributes
                0x00000228       0x2e ./LCD/lcd.o
 .ARM.attributes
                0x00000256       0x2e ./Gpio/Gpio.o
 .ARM.attributes
                0x00000284       0x2e ./Delay/Delay.o
 .ARM.attributes
                0x000002b2       0x1e c:/users/anwar/desktop/sbme 2024/year 3 (2022-2023)/semester 2/embedded systems/arm gcc/10 2021.10/bin/../lib/gcc/arm-none-eabi/10.3.1/thumb/v7e-m/nofp\libgcc.a(_arm_addsubsf3.o)
 .ARM.attributes
                0x000002d0       0x1e c:/users/anwar/desktop/sbme 2024/year 3 (2022-2023)/semester 2/embedded systems/arm gcc/10 2021.10/bin/../lib/gcc/arm-none-eabi/10.3.1/thumb/v7e-m/nofp\libgcc.a(_arm_muldivsf3.o)
 .ARM.attributes
                0x000002ee       0x1e c:/users/anwar/desktop/sbme 2024/year 3 (2022-2023)/semester 2/embedded systems/arm gcc/10 2021.10/bin/../lib/gcc/arm-none-eabi/10.3.1/thumb/v7e-m/nofp\libgcc.a(_arm_fixunssfsi.o)
 .ARM.attributes
                0x0000030c       0x2e c:/users/anwar/desktop/sbme 2024/year 3 (2022-2023)/semester 2/embedded systems/arm gcc/10 2021.10/bin/../lib/gcc/arm-none-eabi/10.3.1/../../../../arm-none-eabi/lib/thumb/v7e-m/nofp\libg_nano.a(lib_a-itoa.o)
 .ARM.attributes
                0x0000033a       0x2e c:/users/anwar/desktop/sbme 2024/year 3 (2022-2023)/semester 2/embedded systems/arm gcc/10 2021.10/bin/../lib/gcc/arm-none-eabi/10.3.1/../../../../arm-none-eabi/lib/thumb/v7e-m/nofp\libg_nano.a(lib_a-utoa.o)

.debug
 *(.debug)

.line
 *(.line)

.debug_srcinfo
 *(.debug_srcinfo)

.debug_sfnames
 *(.debug_sfnames)

.debug_aranges  0x00000000      0x328
 *(.debug_aranges)
 .debug_aranges
                0x00000000       0x28 ./system/src/newlib/exit.o
 .debug_aranges
                0x00000028       0x40 ./system/src/newlib/startup.o
 .debug_aranges
                0x00000068       0x30 ./system/src/newlib/syscalls.o
 .debug_aranges
                0x00000098       0x80 ./system/src/cortexm/exception-handlers.o
 .debug_aranges
                0x00000118       0x28 ./system/src/cortexm/initialize-hardware.o
 .debug_aranges
                0x00000140       0x28 ./system/src/cortexm/reset-hardware.o
 .debug_aranges
                0x00000168       0x28 ./system/src/cmsis/system_stm32f4xx.o
 .debug_aranges
                0x00000190       0x20 ./system/src/cmsis/vectors_stm32f401xe.o
 .debug_aranges
                0x000001b0       0x20 ./src/TC72_slave.o
 .debug_aranges
                0x000001d0       0x38 ./TC72/TC72.o
 .debug_aranges
                0x00000208       0x28 ./SPI/SPI.o
 .debug_aranges
                0x00000230       0x30 ./Rcc/Rcc.o
 .debug_aranges
                0x00000260       0x58 ./LCD/lcd.o
 .debug_aranges
                0x000002b8       0x50 ./Gpio/Gpio.o
 .debug_aranges
                0x00000308       0x20 ./Delay/Delay.o

.debug_pubnames
 *(.debug_pubnames)

.debug_info     0x00000000     0x316f
 *(.debug_info .gnu.linkonce.wi.*)
 .debug_info    0x00000000       0xd5 ./system/src/newlib/exit.o
 .debug_info    0x000000d5      0x3fc ./system/src/newlib/startup.o
 .debug_info    0x000004d1      0x1a2 ./system/src/newlib/syscalls.o
 .debug_info    0x00000673      0x280 ./system/src/cortexm/exception-handlers.o
 .debug_info    0x000008f3      0x274 ./system/src/cortexm/initialize-hardware.o
 .debug_info    0x00000b67      0x29a ./system/src/cortexm/reset-hardware.o
 .debug_info    0x00000e01      0x52c ./system/src/cmsis/system_stm32f4xx.o
 .debug_info    0x0000132d       0xca ./system/src/cmsis/vectors_stm32f401xe.o
 .debug_info    0x000013f7      0x58d ./src/TC72_slave.o
 .debug_info    0x00001984      0x64d ./TC72/TC72.o
 .debug_info    0x00001fd1      0x435 ./SPI/SPI.o
 .debug_info    0x00002406      0x2e4 ./Rcc/Rcc.o
 .debug_info    0x000026ea      0x3db ./LCD/lcd.o
 .debug_info    0x00002ac5      0x5d7 ./Gpio/Gpio.o
 .debug_info    0x0000309c       0xd3 ./Delay/Delay.o

.debug_abbrev   0x00000000      0xdbc
 *(.debug_abbrev)
 .debug_abbrev  0x00000000       0xab ./system/src/newlib/exit.o
 .debug_abbrev  0x000000ab      0x15c ./system/src/newlib/startup.o
 .debug_abbrev  0x00000207       0xf1 ./system/src/newlib/syscalls.o
 .debug_abbrev  0x000002f8       0xe6 ./system/src/cortexm/exception-handlers.o
 .debug_abbrev  0x000003de       0xc6 ./system/src/cortexm/initialize-hardware.o
 .debug_abbrev  0x000004a4       0xf5 ./system/src/cortexm/reset-hardware.o
 .debug_abbrev  0x00000599      0x113 ./system/src/cmsis/system_stm32f4xx.o
 .debug_abbrev  0x000006ac       0xa2 ./system/src/cmsis/vectors_stm32f401xe.o
 .debug_abbrev  0x0000074e       0xfa ./src/TC72_slave.o
 .debug_abbrev  0x00000848      0x10a ./TC72/TC72.o
 .debug_abbrev  0x00000952       0xd6 ./SPI/SPI.o
 .debug_abbrev  0x00000a28       0xd0 ./Rcc/Rcc.o
 .debug_abbrev  0x00000af8      0x12d ./LCD/lcd.o
 .debug_abbrev  0x00000c25      0x12d ./Gpio/Gpio.o
 .debug_abbrev  0x00000d52       0x6a ./Delay/Delay.o

.debug_line     0x00000000     0x1b27
 *(.debug_line)
 .debug_line    0x00000000      0x195 ./system/src/newlib/exit.o
 .debug_line    0x00000195      0x235 ./system/src/newlib/startup.o
 .debug_line    0x000003ca      0x1be ./system/src/newlib/syscalls.o
 .debug_line    0x00000588      0x1ad ./system/src/cortexm/exception-handlers.o
 .debug_line    0x00000735      0x144 ./system/src/cortexm/initialize-hardware.o
 .debug_line    0x00000879      0x172 ./system/src/cortexm/reset-hardware.o
 .debug_line    0x000009eb      0x1d4 ./system/src/cmsis/system_stm32f4xx.o
 .debug_line    0x00000bbf       0x63 ./system/src/cmsis/vectors_stm32f401xe.o
 .debug_line    0x00000c22      0x2f5 ./src/TC72_slave.o
 .debug_line    0x00000f17      0x24d ./TC72/TC72.o
 .debug_line    0x00001164      0x22d ./SPI/SPI.o
 .debug_line    0x00001391      0x126 ./Rcc/Rcc.o
 .debug_line    0x000014b7      0x2d8 ./LCD/lcd.o
 .debug_line    0x0000178f      0x2b6 ./Gpio/Gpio.o
 .debug_line    0x00001a45       0xe2 ./Delay/Delay.o

.debug_frame    0x00000000      0x948
 *(.debug_frame)
 .debug_frame   0x00000000       0x50 ./system/src/newlib/exit.o
 .debug_frame   0x00000050       0xc8 ./system/src/newlib/startup.o
 .debug_frame   0x00000118       0x80 ./system/src/newlib/syscalls.o
 .debug_frame   0x00000198      0x13c ./system/src/cortexm/exception-handlers.o
 .debug_frame   0x000002d4       0x48 ./system/src/cortexm/initialize-hardware.o
 .debug_frame   0x0000031c       0x44 ./system/src/cortexm/reset-hardware.o
 .debug_frame   0x00000360       0x58 ./system/src/cmsis/system_stm32f4xx.o
 .debug_frame   0x000003b8       0x28 ./system/src/cmsis/vectors_stm32f401xe.o
 .debug_frame   0x000003e0       0x30 ./src/TC72_slave.o
 .debug_frame   0x00000410       0xb0 ./TC72/TC72.o
 .debug_frame   0x000004c0       0x60 ./SPI/SPI.o
 .debug_frame   0x00000520       0x80 ./Rcc/Rcc.o
 .debug_frame   0x000005a0      0x120 ./LCD/lcd.o
 .debug_frame   0x000006c0      0x128 ./Gpio/Gpio.o
 .debug_frame   0x000007e8       0x38 ./Delay/Delay.o
 .debug_frame   0x00000820       0x4c c:/users/anwar/desktop/sbme 2024/year 3 (2022-2023)/semester 2/embedded systems/arm gcc/10 2021.10/bin/../lib/gcc/arm-none-eabi/10.3.1/thumb/v7e-m/nofp\libgcc.a(_arm_addsubsf3.o)
 .debug_frame   0x0000086c       0x38 c:/users/anwar/desktop/sbme 2024/year 3 (2022-2023)/semester 2/embedded systems/arm gcc/10 2021.10/bin/../lib/gcc/arm-none-eabi/10.3.1/thumb/v7e-m/nofp\libgcc.a(_arm_muldivsf3.o)
 .debug_frame   0x000008a4       0x24 c:/users/anwar/desktop/sbme 2024/year 3 (2022-2023)/semester 2/embedded systems/arm gcc/10 2021.10/bin/../lib/gcc/arm-none-eabi/10.3.1/thumb/v7e-m/nofp\libgcc.a(_arm_fixunssfsi.o)
 .debug_frame   0x000008c8       0x38 c:/users/anwar/desktop/sbme 2024/year 3 (2022-2023)/semester 2/embedded systems/arm gcc/10 2021.10/bin/../lib/gcc/arm-none-eabi/10.3.1/../../../../arm-none-eabi/lib/thumb/v7e-m/nofp\libg_nano.a(lib_a-itoa.o)
 .debug_frame   0x00000900       0x48 c:/users/anwar/desktop/sbme 2024/year 3 (2022-2023)/semester 2/embedded systems/arm gcc/10 2021.10/bin/../lib/gcc/arm-none-eabi/10.3.1/../../../../arm-none-eabi/lib/thumb/v7e-m/nofp\libg_nano.a(lib_a-utoa.o)

.debug_str      0x00000000     0x1192
 *(.debug_str)
 .debug_str     0x00000000      0x1c4 ./system/src/newlib/exit.o
                                0x1fd (size before relaxing)
 .debug_str     0x000001c4      0x15f ./system/src/newlib/startup.o
                                0x33a (size before relaxing)
 .debug_str     0x00000323       0x6b ./system/src/newlib/syscalls.o
                                0x23b (size before relaxing)
 .debug_str     0x0000038e      0x128 ./system/src/cortexm/exception-handlers.o
                                0x2ed (size before relaxing)
 .debug_str     0x000004b6       0xd4 ./system/src/cortexm/initialize-hardware.o
                                0x291 (size before relaxing)
 .debug_str     0x0000058a       0x51 ./system/src/cortexm/reset-hardware.o
                                0x274 (size before relaxing)
 .debug_str     0x000005db      0x18e ./system/src/cmsis/system_stm32f4xx.o
                                0x3b6 (size before relaxing)
 .debug_str     0x00000769       0x59 ./system/src/cmsis/vectors_stm32f401xe.o
                                0x20d (size before relaxing)
 .debug_str     0x000007c2      0x518 ./src/TC72_slave.o
                                0x6f6 (size before relaxing)
 .debug_str     0x00000cda       0x76 ./TC72/TC72.o
                                0x743 (size before relaxing)
 .debug_str     0x00000d50      0x16b ./SPI/SPI.o
                                0x5ce (size before relaxing)
 .debug_str     0x00000ebb       0xba ./Rcc/Rcc.o
                                0x334 (size before relaxing)
 .debug_str     0x00000f75       0xc4 ./LCD/lcd.o
                                0x4b1 (size before relaxing)
 .debug_str     0x00001039      0x11f ./Gpio/Gpio.o
                                0x507 (size before relaxing)
 .debug_str     0x00001158       0x3a ./Delay/Delay.o
                                0x1f5 (size before relaxing)

.debug_loc
 *(.debug_loc)

.debug_macinfo
 *(.debug_macinfo)

.debug_weaknames
 *(.debug_weaknames)

.debug_funcnames
 *(.debug_funcnames)

.debug_typenames
 *(.debug_typenames)

.debug_varnames
 *(.debug_varnames)
OUTPUT(SPI_TC72.elf elf32-littlearm)
LOAD linker stubs

.debug_ranges   0x00000000      0x238
 .debug_ranges  0x00000000       0x18 ./system/src/newlib/exit.o
 .debug_ranges  0x00000018       0x30 ./system/src/newlib/startup.o
 .debug_ranges  0x00000048       0x20 ./system/src/newlib/syscalls.o
 .debug_ranges  0x00000068       0x70 ./system/src/cortexm/exception-handlers.o
 .debug_ranges  0x000000d8       0x18 ./system/src/cortexm/initialize-hardware.o
 .debug_ranges  0x000000f0       0x18 ./system/src/cortexm/reset-hardware.o
 .debug_ranges  0x00000108       0x18 ./system/src/cmsis/system_stm32f4xx.o
 .debug_ranges  0x00000120       0x10 ./system/src/cmsis/vectors_stm32f401xe.o
 .debug_ranges  0x00000130       0x10 ./src/TC72_slave.o
 .debug_ranges  0x00000140       0x28 ./TC72/TC72.o
 .debug_ranges  0x00000168       0x18 ./SPI/SPI.o
 .debug_ranges  0x00000180       0x20 ./Rcc/Rcc.o
 .debug_ranges  0x000001a0       0x48 ./LCD/lcd.o
 .debug_ranges  0x000001e8       0x40 ./Gpio/Gpio.o
 .debug_ranges  0x00000228       0x10 ./Delay/Delay.o
